[0.086s] Invoking command in '/home/sara/aubo_ws/build/control': /usr/bin/cmake /home/sara/aubo_ws/src/aubo_control/control -DCMAKE_INSTALL_PREFIX=/home/sara/aubo_ws/install/control
[0.137s] -- The C compiler identification is GNU 11.4.0
[0.192s] -- The CXX compiler identification is GNU 11.4.0
[0.201s] -- Detecting C compiler ABI info
[0.263s] -- Detecting C compiler ABI info - done
[0.275s] -- Check for working C compiler: /usr/bin/cc - skipped
[0.275s] -- Detecting C compile features
[0.275s] -- Detecting C compile features - done
[0.278s] -- Detecting CXX compiler ABI info
[0.351s] -- Detecting CXX compiler ABI info - done
[0.359s] -- Check for working CXX compiler: /usr/bin/c++ - skipped
[0.359s] -- Detecting CXX compile features
[0.360s] -- Detecting CXX compile features - done
[0.361s] -- Found ament_cmake: 1.3.5 (/opt/ros/humble/share/ament_cmake/cmake)
[0.522s] -- Found Python3: /usr/bin/python3.10 (found version "3.10.12") found components: Interpreter 
[0.602s] -- Found rclcpp: 16.0.6 (/opt/ros/humble/share/rclcpp/cmake)
[0.639s] -- Found rosidl_generator_c: 3.1.5 (/opt/ros/humble/share/rosidl_generator_c/cmake)
[0.643s] -- Found rosidl_adapter: 3.1.5 (/opt/ros/humble/share/rosidl_adapter/cmake)
[0.651s] -- Found rosidl_generator_cpp: 3.1.5 (/opt/ros/humble/share/rosidl_generator_cpp/cmake)
[0.664s] -- Using all available rosidl_typesupport_c: rosidl_typesupport_fastrtps_c;rosidl_typesupport_introspection_c
[0.683s] -- Using all available rosidl_typesupport_cpp: rosidl_typesupport_fastrtps_cpp;rosidl_typesupport_introspection_cpp
[0.754s] -- Found rmw_implementation_cmake: 6.1.1 (/opt/ros/humble/share/rmw_implementation_cmake/cmake)
[0.756s] -- Found rmw_fastrtps_cpp: 6.2.4 (/opt/ros/humble/share/rmw_fastrtps_cpp/cmake)
[0.855s] -- Found OpenSSL: /usr/lib/x86_64-linux-gnu/libcrypto.so (found version "3.0.2")  
[0.881s] -- Found FastRTPS: /opt/ros/humble/include  
[0.942s] -- Using RMW implementation 'rmw_fastrtps_cpp' as default
[0.950s] -- Looking for pthread.h
[1.013s] -- Looking for pthread.h - found
[1.014s] -- Performing Test CMAKE_HAVE_LIBC_PTHREAD
[1.079s] -- Performing Test CMAKE_HAVE_LIBC_PTHREAD - Success
[1.080s] -- Found Threads: TRUE  
[1.240s] -- Found control_msgs: 4.4.0 (/opt/ros/humble/share/control_msgs/cmake)
[1.711s] -- Found ament_lint_auto: 0.12.8 (/opt/ros/humble/share/ament_lint_auto/cmake)
[1.753s] Error parsing '/home/sara/aubo_ws/src/aubo_control/control/package.xml':
[1.791s] Traceback (most recent call last):
[1.792s]   File "/usr/lib/python3/dist-packages/catkin_pkg/package.py", line 610, in parse_package_string
[1.792s]     root = dom.parseString(data)
[1.792s]   File "/usr/lib/python3.10/xml/dom/minidom.py", line 2000, in parseString
[1.792s]     return expatbuilder.parseString(string)
[1.792s]   File "/usr/lib/python3.10/xml/dom/expatbuilder.py", line 925, in parseString
[1.792s]     return builder.parseString(string)
[1.792s]   File "/usr/lib/python3.10/xml/dom/expatbuilder.py", line 223, in parseString
[1.792s]     parser.Parse(string, True)
[1.792s] xml.parsers.expat.ExpatError: not well-formed (invalid token): line 16, column 10
[1.792s] 
[1.793s] During handling of the above exception, another exception occurred:
[1.793s] 
[1.793s] Traceback (most recent call last):
[1.793s]   File "/opt/ros/humble/share/ament_cmake_core/cmake/core/package_xml_2_cmake.py", line 150, in <module>
[1.793s]     main()
[1.793s]   File "/opt/ros/humble/share/ament_cmake_core/cmake/core/package_xml_2_cmake.py", line 53, in main
[1.793s]     raise e
[1.793s]   File "/opt/ros/humble/share/ament_cmake_core/cmake/core/package_xml_2_cmake.py", line 49, in main
[1.793s]     package = parse_package_string(
[1.793s]   File "/usr/lib/python3/dist-packages/catkin_pkg/package.py", line 612, in parse_package_string
[1.794s]     raise InvalidPackage('The manifest contains invalid XML:\n%s' % ex, filename)
[1.794s] catkin_pkg.package.InvalidPackage: Error(s) in package '/home/sara/aubo_ws/src/aubo_control/control/package.xml':
[1.794s] The manifest contains invalid XML:
[1.794s] not well-formed (invalid token): line 16, column 10
[1.804s] [31mCMake Error at /opt/ros/humble/share/ament_cmake_core/cmake/core/ament_package_xml.cmake:95 (message):
[1.804s]   execute_process(/usr/bin/python3.10
[1.804s]   /opt/ros/humble/share/ament_cmake_core/cmake/core/package_xml_2_cmake.py
[1.805s]   /home/sara/aubo_ws/src/aubo_control/control/package.xml
[1.805s]   /home/sara/aubo_ws/build/control/ament_cmake_core/package.cmake) returned
[1.805s]   error code 1
[1.805s] Call Stack (most recent call first):
[1.805s]   /opt/ros/humble/share/ament_cmake_core/cmake/core/ament_package_xml.cmake:49 (_ament_package_xml)
[1.805s]   /opt/ros/humble/share/ament_lint_auto/cmake/ament_lint_auto_find_test_dependencies.cmake:31 (ament_package_xml)
[1.805s]   CMakeLists.txt:30 (ament_lint_auto_find_test_dependencies)
[1.805s] 
[1.805s] [0m
[1.806s] -- Configuring incomplete, errors occurred!
[1.806s] See also "/home/sara/aubo_ws/build/control/CMakeFiles/CMakeOutput.log".
[1.813s] Invoked command in '/home/sara/aubo_ws/build/control' returned '1': /usr/bin/cmake /home/sara/aubo_ws/src/aubo_control/control -DCMAKE_INSTALL_PREFIX=/home/sara/aubo_ws/install/control
