[0.049s] Invoking command in '/home/sara/aubo_ws/build/control': /usr/bin/cmake /home/sara/aubo_ws/src/aubo_control/controller -DCMAKE_INSTALL_PREFIX=/home/sara/aubo_ws/install/control
[0.059s] -- Found ament_cmake: 1.3.5 (/opt/ros/humble/share/ament_cmake/cmake)
[0.194s] -- Found rclcpp: 16.0.6 (/opt/ros/humble/share/rclcpp/cmake)
[0.220s] -- Found rosidl_generator_c: 3.1.5 (/opt/ros/humble/share/rosidl_generator_c/cmake)
[0.222s] -- Found rosidl_adapter: 3.1.5 (/opt/ros/humble/share/rosidl_adapter/cmake)
[0.228s] -- Found rosidl_generator_cpp: 3.1.5 (/opt/ros/humble/share/rosidl_generator_cpp/cmake)
[0.241s] -- Using all available rosidl_typesupport_c: rosidl_typesupport_fastrtps_c;rosidl_typesupport_introspection_c
[0.253s] -- Using all available rosidl_typesupport_cpp: rosidl_typesupport_fastrtps_cpp;rosidl_typesupport_introspection_cpp
[0.307s] -- Found rmw_implementation_cmake: 6.1.1 (/opt/ros/humble/share/rmw_implementation_cmake/cmake)
[0.308s] -- Found rmw_fastrtps_cpp: 6.2.4 (/opt/ros/humble/share/rmw_fastrtps_cpp/cmake)
[0.409s] -- Using RMW implementation 'rmw_fastrtps_cpp' as default
[0.555s] -- Found control_msgs: 4.4.0 (/opt/ros/humble/share/control_msgs/cmake)
[0.999s] -- Found ament_lint_auto: 0.12.8 (/opt/ros/humble/share/ament_lint_auto/cmake)
[1.041s] Error parsing '/home/sara/aubo_ws/src/aubo_control/controller/package.xml':
[1.077s] Traceback (most recent call last):
[1.077s]   File "/usr/lib/python3/dist-packages/catkin_pkg/package.py", line 610, in parse_package_string
[1.077s]     root = dom.parseString(data)
[1.077s]   File "/usr/lib/python3.10/xml/dom/minidom.py", line 2000, in parseString
[1.084s]     return expatbuilder.parseString(string)
[1.084s]   File "/usr/lib/python3.10/xml/dom/expatbuilder.py", line 925, in parseString
[1.088s]     return builder.parseString(string)
[1.088s]   File "/usr/lib/python3.10/xml/dom/expatbuilder.py", line 223, in parseString
[1.088s]     parser.Parse(string, True)
[1.088s] xml.parsers.expat.ExpatError: not well-formed (invalid token): line 16, column 10
[1.088s] 
[1.088s] During handling of the above exception, another exception occurred:
[1.088s] 
[1.088s] Traceback (most recent call last):
[1.088s]   File "/opt/ros/humble/share/ament_cmake_core/cmake/core/package_xml_2_cmake.py", line 150, in <module>
[1.088s]     main()
[1.088s]   File "/opt/ros/humble/share/ament_cmake_core/cmake/core/package_xml_2_cmake.py", line 53, in main
[1.088s]     raise e
[1.088s]   File "/opt/ros/humble/share/ament_cmake_core/cmake/core/package_xml_2_cmake.py", line 49, in main
[1.089s]     package = parse_package_string(
[1.089s]   File "/usr/lib/python3/dist-packages/catkin_pkg/package.py", line 612, in parse_package_string
[1.089s]     raise InvalidPackage('The manifest contains invalid XML:\n%s' % ex, filename)
[1.089s] catkin_pkg.package.InvalidPackage: Error(s) in package '/home/sara/aubo_ws/src/aubo_control/controller/package.xml':
[1.089s] The manifest contains invalid XML:
[1.089s] not well-formed (invalid token): line 16, column 10
[1.100s] [31mCMake Error at /opt/ros/humble/share/ament_cmake_core/cmake/core/ament_package_xml.cmake:95 (message):
[1.100s]   execute_process(/usr/bin/python3.10
[1.100s]   /opt/ros/humble/share/ament_cmake_core/cmake/core/package_xml_2_cmake.py
[1.100s]   /home/sara/aubo_ws/src/aubo_control/controller/package.xml
[1.100s]   /home/sara/aubo_ws/build/control/ament_cmake_core/package.cmake) returned
[1.100s]   error code 1
[1.100s] Call Stack (most recent call first):
[1.100s]   /opt/ros/humble/share/ament_cmake_core/cmake/core/ament_package_xml.cmake:49 (_ament_package_xml)
[1.100s]   /opt/ros/humble/share/ament_lint_auto/cmake/ament_lint_auto_find_test_dependencies.cmake:31 (ament_package_xml)
[1.100s]   CMakeLists.txt:30 (ament_lint_auto_find_test_dependencies)
[1.100s] 
[1.100s] [0m
[1.101s] -- Configuring incomplete, errors occurred!
[1.101s] See also "/home/sara/aubo_ws/build/control/CMakeFiles/CMakeOutput.log".
[1.106s] Invoked command in '/home/sara/aubo_ws/build/control' returned '1': /usr/bin/cmake /home/sara/aubo_ws/src/aubo_control/controller -DCMAKE_INSTALL_PREFIX=/home/sara/aubo_ws/install/control
